// Jest Snapshot v1, https://goo.gl/fbAQLP

exports[`Modal selector should return modal selector state and actions 1`] = `
{
  "closeModal": [Function],
  "modalID": undefined,
  "onModalClose": undefined,
  "openModal": [Function],
  "openState": "CLOSE",
}
`;

exports[`Modal selector should return modal state on modal data set using openModal 1`] = `"search"`;

exports[`Modal selector should return modal state with initial value 1`] = `
{
  "closeModal": [Function],
  "modalID": undefined,
  "onModalClose": undefined,
  "openModal": [Function],
  "openState": "CLOSE",
}
`;
